// Jest Snapshot v1, https://goo.gl/fbAQLP

exports[`Compile markdown to Slate Raw AST should compile kitchen sink example 1`] = `
Object {
  "nodes": Array [
    Object {
      "nodes": Array [
        Object {
          "data": undefined,
          "leaves": Array [
            Object {
              "text": "An exhibit of Markdown",
            },
          ],
          "object": "text",
        },
      ],
      "object": "block",
      "type": "heading-one",
    },
    Object {
      "nodes": Array [
        Object {
          "data": undefined,
          "leaves": Array [
            Object {
              "text": "This note demonstrates some of what Markdown is capable of doing.",
            },
          ],
          "object": "text",
        },
      ],
      "object": "block",
      "type": "paragraph",
    },
    Object {
      "nodes": Array [
        Object {
          "data": undefined,
          "leaves": Array [
            Object {
              "marks": Array [
                Object {
                  "type": "italic",
                },
              ],
              "text": "Note: Feel free to play with this page. Unlike regular notes, this doesn't
automatically save itself.",
            },
          ],
          "object": "text",
        },
      ],
      "object": "block",
      "type": "paragraph",
    },
    Object {
      "nodes": Array [
        Object {
          "data": undefined,
          "leaves": Array [
            Object {
              "text": "Basic formatting",
            },
          ],
          "object": "text",
        },
      ],
      "object": "block",
      "type": "heading-two",
    },
    Object {
      "nodes": Array [
        Object {
          "data": undefined,
          "leaves": Array [
            Object {
              "text": "Paragraphs can be written like so. A paragraph is the basic block of Markdown.
A paragraph is what text will turn into when there is no reason it should
become anything else.",
            },
          ],
          "object": "text",
        },
      ],
      "object": "block",
      "type": "paragraph",
    },
    Object {
      "nodes": Array [
        Object {
          "data": undefined,
          "leaves": Array [
            Object {
              "text": "Paragraphs must be separated by a blank line. Basic formatting of ",
            },
          ],
          "object": "text",
        },
        Object {
          "data": undefined,
          "leaves": Array [
            Object {
              "marks": Array [
                Object {
                  "type": "italic",
                },
              ],
              "text": "italics",
            },
          ],
          "object": "text",
        },
        Object {
          "data": undefined,
          "leaves": Array [
            Object {
              "text": " and
",
            },
          ],
          "object": "text",
        },
        Object {
          "data": undefined,
          "leaves": Array [
            Object {
              "marks": Array [
                Object {
                  "type": "bold",
                },
              ],
              "text": "bold",
            },
          ],
          "object": "text",
        },
        Object {
          "data": undefined,
          "leaves": Array [
            Object {
              "text": " is supported. This ",
            },
          ],
          "object": "text",
        },
        Object {
          "data": undefined,
          "leaves": Array [
            Object {
              "marks": Array [
                Object {
                  "type": "italic",
                },
              ],
              "text": "can be ",
            },
            Object {
              "marks": Array [
                Object {
                  "type": "italic",
                },
                Object {
                  "type": "bold",
                },
              ],
              "text": "nested",
            },
            Object {
              "marks": Array [
                Object {
                  "type": "italic",
                },
              ],
              "text": " like",
            },
          ],
          "object": "text",
        },
        Object {
          "data": undefined,
          "leaves": Array [
            Object {
              "text": " so.",
            },
          ],
          "object": "text",
        },
      ],
      "object": "block",
      "type": "paragraph",
    },
    Object {
      "nodes": Array [
        Object {
          "data": undefined,
          "leaves": Array [
            Object {
              "text": "Lists",
            },
          ],
          "object": "text",
        },
      ],
      "object": "block",
      "type": "heading-two",
    },
    Object {
      "nodes": Array [
        Object {
          "data": undefined,
          "leaves": Array [
            Object {
              "text": "Ordered list",
            },
          ],
          "object": "text",
        },
      ],
      "object": "block",
      "type": "heading-three",
    },
    Object {
      "data": Object {
        "start": 1,
      },
      "nodes": Array [
        Object {
          "nodes": Array [
            Object {
              "nodes": Array [
                Object {
                  "data": undefined,
                  "leaves": Array [
                    Object {
                      "text": "Item 1 2. A second item 3. Number 3 4. â…£",
                    },
                  ],
                  "object": "text",
                },
              ],
              "object": "block",
              "type": "paragraph",
            },
          ],
          "object": "block",
          "type": "list-item",
        },
      ],
      "object": "block",
      "type": "numbered-list",
    },
    Object {
      "nodes": Array [
        Object {
          "data": undefined,
          "leaves": Array [
            Object {
              "marks": Array [
                Object {
                  "type": "italic",
                },
              ],
              "text": "Note: the fourth item uses the Unicode character for Roman numeral four.",
            },
          ],
          "object": "text",
        },
      ],
      "object": "block",
      "type": "paragraph",
    },
    Object {
      "nodes": Array [
        Object {
          "data": undefined,
          "leaves": Array [
            Object {
              "text": "Unordered list",
            },
          ],
          "object": "text",
        },
      ],
      "object": "block",
      "type": "heading-three",
    },
    Object {
      "data": Object {
        "start": null,
      },
      "nodes": Array [
        Object {
          "nodes": Array [
            Object {
              "nodes": Array [
                Object {
                  "data": undefined,
                  "leaves": Array [
                    Object {
                      "text": "An item Another item Yet another item And there's more...",
                    },
                  ],
                  "object": "text",
                },
              ],
              "object": "block",
              "type": "paragraph",
            },
          ],
          "object": "block",
          "type": "list-item",
        },
      ],
      "object": "block",
      "type": "bulleted-list",
    },
    Object {
      "nodes": Array [
        Object {
          "data": undefined,
          "leaves": Array [
            Object {
              "text": "Paragraph modifiers",
            },
          ],
          "object": "text",
        },
      ],
      "object": "block",
      "type": "heading-two",
    },
    Object {
      "nodes": Array [
        Object {
          "data": undefined,
          "leaves": Array [
            Object {
              "text": "Code block",
            },
          ],
          "object": "text",
        },
      ],
      "object": "block",
      "type": "heading-three",
    },
    Object {
      "data": Object {
        "lang": null,
      },
      "nodes": Array [
        Object {
          "data": undefined,
          "leaves": Array [
            Object {
              "text": "Code blocks are very useful for developers and other people who look at
code or other things that are written in plain text. As you can see, it
uses a fixed-width font.",
            },
          ],
          "object": "text",
        },
      ],
      "object": "block",
      "type": "code-block",
    },
    Object {
      "nodes": Array [
        Object {
          "data": undefined,
          "leaves": Array [
            Object {
              "text": "You can also make ",
            },
          ],
          "object": "text",
        },
        Object {
          "data": undefined,
          "leaves": Array [
            Object {
              "marks": Array [
                Object {
                  "type": "code",
                },
              ],
              "text": "inline code",
            },
          ],
          "object": "text",
        },
        Object {
          "data": undefined,
          "leaves": Array [
            Object {
              "text": " to add code into other things.",
            },
          ],
          "object": "text",
        },
      ],
      "object": "block",
      "type": "paragraph",
    },
    Object {
      "nodes": Array [
        Object {
          "data": undefined,
          "leaves": Array [
            Object {
              "text": "Quote",
            },
          ],
          "object": "text",
        },
      ],
      "object": "block",
      "type": "heading-three",
    },
    Object {
      "nodes": Array [
        Object {
          "nodes": Array [
            Object {
              "data": undefined,
              "leaves": Array [
                Object {
                  "text": "Here is a quote. What this is should be self explanatory. Quotes are
automatically indented when they are used.",
                },
              ],
              "object": "text",
            },
          ],
          "object": "block",
          "type": "paragraph",
        },
      ],
      "object": "block",
      "type": "quote",
    },
    Object {
      "nodes": Array [
        Object {
          "data": undefined,
          "leaves": Array [
            Object {
              "text": "Headings",
            },
          ],
          "object": "text",
        },
      ],
      "object": "block",
      "type": "heading-two",
    },
    Object {
      "nodes": Array [
        Object {
          "data": undefined,
          "leaves": Array [
            Object {
              "text": "There are six levels of headings. They correspond with the six levels of HTML
headings. You've probably noticed them already in the page. Each level down
uses one more hash character.",
            },
          ],
          "object": "text",
        },
      ],
      "object": "block",
      "type": "paragraph",
    },
    Object {
      "nodes": Array [
        Object {
          "data": undefined,
          "leaves": Array [
            Object {
              "text": "Headings ",
            },
          ],
          "object": "text",
        },
        Object {
          "data": undefined,
          "leaves": Array [
            Object {
              "marks": Array [
                Object {
                  "type": "italic",
                },
              ],
              "text": "can",
            },
          ],
          "object": "text",
        },
        Object {
          "data": undefined,
          "leaves": Array [
            Object {
              "text": " also contain ",
            },
          ],
          "object": "text",
        },
        Object {
          "data": undefined,
          "leaves": Array [
            Object {
              "marks": Array [
                Object {
                  "type": "bold",
                },
              ],
              "text": "formatting",
            },
          ],
          "object": "text",
        },
      ],
      "object": "block",
      "type": "heading-three",
    },
    Object {
      "nodes": Array [
        Object {
          "data": undefined,
          "leaves": Array [
            Object {
              "text": "They can even contain ",
            },
          ],
          "object": "text",
        },
        Object {
          "data": undefined,
          "leaves": Array [
            Object {
              "marks": Array [
                Object {
                  "type": "code",
                },
              ],
              "text": "inline code",
            },
          ],
          "object": "text",
        },
      ],
      "object": "block",
      "type": "heading-three",
    },
    Object {
      "nodes": Array [
        Object {
          "data": undefined,
          "leaves": Array [
            Object {
              "text": "Of course, demonstrating what headings look like messes up the structure of the
page.",
            },
          ],
          "object": "text",
        },
      ],
      "object": "block",
      "type": "paragraph",
    },
    Object {
      "nodes": Array [
        Object {
          "data": undefined,
          "leaves": Array [
            Object {
              "text": "I don't recommend using more than three or four levels of headings here,
because, when you're smallest heading isn't too small, and you're largest
heading isn't too big, and you want each size up to look noticeably larger and
more important, there there are only so many sizes that you can use.",
            },
          ],
          "object": "text",
        },
      ],
      "object": "block",
      "type": "paragraph",
    },
    Object {
      "nodes": Array [
        Object {
          "data": undefined,
          "leaves": Array [
            Object {
              "text": "URLs",
            },
          ],
          "object": "text",
        },
      ],
      "object": "block",
      "type": "heading-two",
    },
    Object {
      "nodes": Array [
        Object {
          "data": undefined,
          "leaves": Array [
            Object {
              "text": "URLs can be made in a handful of ways:",
            },
          ],
          "object": "text",
        },
      ],
      "object": "block",
      "type": "paragraph",
    },
    Object {
      "data": Object {
        "start": null,
      },
      "nodes": Array [
        Object {
          "nodes": Array [
            Object {
              "nodes": Array [
                Object {
                  "data": undefined,
                  "leaves": Array [
                    Object {
                      "text": "A named link to MarkItDown. The easiest way to do these is to select what you",
                    },
                  ],
                  "object": "text",
                },
              ],
              "object": "block",
              "type": "paragraph",
            },
          ],
          "object": "block",
          "type": "list-item",
        },
        Object {
          "nodes": Array [
            Object {
              "nodes": Array [
                Object {
                  "data": undefined,
                  "leaves": Array [
                    Object {
                      "text": "want to make a link and hit ",
                    },
                  ],
                  "object": "text",
                },
                Object {
                  "data": undefined,
                  "leaves": Array [
                    Object {
                      "marks": Array [
                        Object {
                          "type": "code",
                        },
                      ],
                      "text": "Ctrl+L",
                    },
                  ],
                  "object": "text",
                },
                Object {
                  "data": undefined,
                  "leaves": Array [
                    Object {
                      "text": ".  Another named link to",
                    },
                  ],
                  "object": "text",
                },
              ],
              "object": "block",
              "type": "paragraph",
            },
          ],
          "object": "block",
          "type": "list-item",
        },
        Object {
          "nodes": Array [
            Object {
              "nodes": Array [
                Object {
                  "data": Object {
                    "title": null,
                    "url": "http://www.markitdown.net/",
                  },
                  "nodes": Array [
                    Object {
                      "data": undefined,
                      "leaves": Array [
                        Object {
                          "text": "MarkItDown",
                        },
                      ],
                      "object": "text",
                    },
                  ],
                  "object": "inline",
                  "type": "link",
                },
                Object {
                  "data": undefined,
                  "leaves": Array [
                    Object {
                      "text": " Sometimes you just want a URL like",
                    },
                  ],
                  "object": "text",
                },
              ],
              "object": "block",
              "type": "paragraph",
            },
          ],
          "object": "block",
          "type": "list-item",
        },
        Object {
          "nodes": Array [
            Object {
              "nodes": Array [
                Object {
                  "data": Object {
                    "title": null,
                    "url": "http://www.markitdown.net/",
                  },
                  "nodes": Array [
                    Object {
                      "data": undefined,
                      "leaves": Array [
                        Object {
                          "text": "http://www.markitdown.net/",
                        },
                      ],
                      "object": "text",
                    },
                  ],
                  "object": "inline",
                  "type": "link",
                },
                Object {
                  "data": undefined,
                  "leaves": Array [
                    Object {
                      "text": ".",
                    },
                  ],
                  "object": "text",
                },
              ],
              "object": "block",
              "type": "paragraph",
            },
          ],
          "object": "block",
          "type": "list-item",
        },
      ],
      "object": "block",
      "type": "bulleted-list",
    },
    Object {
      "nodes": Array [
        Object {
          "data": undefined,
          "leaves": Array [
            Object {
              "text": "Horizontal rule",
            },
          ],
          "object": "text",
        },
      ],
      "object": "block",
      "type": "heading-two",
    },
    Object {
      "nodes": Array [
        Object {
          "data": undefined,
          "leaves": Array [
            Object {
              "text": "A horizontal rule is a line that goes across the middle of the page.",
            },
          ],
          "object": "text",
        },
      ],
      "object": "block",
      "type": "paragraph",
    },
    Object {
      "object": "block",
      "type": "thematic-break",
    },
    Object {
      "nodes": Array [
        Object {
          "data": undefined,
          "leaves": Array [
            Object {
              "text": "It's sometimes handy for breaking things up.",
            },
          ],
          "object": "text",
        },
      ],
      "object": "block",
      "type": "paragraph",
    },
    Object {
      "nodes": Array [
        Object {
          "data": undefined,
          "leaves": Array [
            Object {
              "text": "Images",
            },
          ],
          "object": "text",
        },
      ],
      "object": "block",
      "type": "heading-two",
    },
    Object {
      "nodes": Array [
        Object {
          "data": undefined,
          "leaves": Array [
            Object {
              "text": "Markdown can also contain images. I'll need to add something here sometime.",
            },
          ],
          "object": "text",
        },
      ],
      "object": "block",
      "type": "paragraph",
    },
    Object {
      "nodes": Array [
        Object {
          "data": undefined,
          "leaves": Array [
            Object {
              "text": "Finally",
            },
          ],
          "object": "text",
        },
      ],
      "object": "block",
      "type": "heading-two",
    },
    Object {
      "nodes": Array [
        Object {
          "data": undefined,
          "leaves": Array [
            Object {
              "text": "There's actually a lot more to Markdown than this. See the official
introduction and syntax for more information. However, be aware that this is
not using the official implementation, and this might work subtly differently
  in some of the little things.",
            },
          ],
          "object": "text",
        },
      ],
      "object": "block",
      "type": "paragraph",
    },
  ],
  "object": "block",
  "type": "root",
}
`;
